{
    "Should run without failures": {
        "content": [
            {
                "0": [
                    "design_batch_tpm.genesymbol.batchremoved.csv:md5,da2e75de4c4a97c2c7db1c3e73170518"
                ],
                "1": [
                    "design_batch_tpm.genesymbol.csv:md5,9010dbd7a39a05307f67be4ab4c89bdd"
                ],
                "2": [
                    "versions.yml:md5,23137a65b62b5ab3c80949edb8f8ddb5"
                ],
                "after_br": [
                    "design_batch_tpm.genesymbol.batchremoved.csv:md5,da2e75de4c4a97c2c7db1c3e73170518"
                ],
                "before_br": [
                    "design_batch_tpm.genesymbol.csv:md5,9010dbd7a39a05307f67be4ab4c89bdd"
                ],
                "versions": [
                    "versions.yml:md5,23137a65b62b5ab3c80949edb8f8ddb5"
                ]
            }
        ],
        "meta": {
            "nf-test": "0.9.2",
            "nextflow": "24.10.1"
        },
        "timestamp": "2025-01-02T12:54:38.437775"
    }
}