{
    "rseqc tin summary for bam files": {
        "content": [
            {
                "0": [
                    [
                        {
                            "id": "test"
                        },
                        "test.tin_score_summary.txt:md5,4fd9c0d017704aba0be475e683807ce9"
                    ]
                ],
                "1": [
                    "versions.yml:md5,694f88bca6264c9fe6301398e68cc636"
                ],
                "summary_txt": [
                    [
                        {
                            "id": "test"
                        },
                        "test.tin_score_summary.txt:md5,4fd9c0d017704aba0be475e683807ce9"
                    ]
                ],
                "versions": [
                    "versions.yml:md5,694f88bca6264c9fe6301398e68cc636"
                ]
            }
        ],
        "meta": {
            "nf-test": "0.9.2",
            "nextflow": "24.10.1"
        },
        "timestamp": "2024-12-11T06:13:40.661676"
    }
}