{
    "Should run GTF2BED with stub": {
        "content": [
            {
                "0": [
                    "genome.bed:md5,d41d8cd98f00b204e9800998ecf8427e"
                ],
                "1": [
                    "versions.yml:md5,3edee107ec8242f5d3f4a89db7a1a8d5"
                ],
                "bed": [
                    "genome.bed:md5,d41d8cd98f00b204e9800998ecf8427e"
                ],
                "versions": [
                    "versions.yml:md5,3edee107ec8242f5d3f4a89db7a1a8d5"
                ]
            }
        ],
        "meta": {
            "nf-test": "0.9.2",
            "nextflow": "24.10.1"
        },
        "timestamp": "2025-01-07T07:03:11.268616"
    }
}