{
    "Should run GTF2BED with stub": {
        "content": [
            {
                "0": [
                    "star_metrics.csv:md5,d41d8cd98f00b204e9800998ecf8427e"
                ],
                "1": [
                    "versions.yml:md5,cadcd354dd94f5af11f2dde7d062a2f7"
                ],
                "csv": [
                    "star_metrics.csv:md5,d41d8cd98f00b204e9800998ecf8427e"
                ],
                "versions": [
                    "versions.yml:md5,cadcd354dd94f5af11f2dde7d062a2f7"
                ]
            }
        ],
        "meta": {
            "nf-test": "0.9.2",
            "nextflow": "24.10.1"
        },
        "timestamp": "2025-01-07T07:05:30.877915"
    }
}