{
    "sarscov2 - bam - stub": {
        "content": [
            {
                "0": [
                    [
                        {
                            "id": "test"
                        },
                        "test.recal.table:md5,d41d8cd98f00b204e9800998ecf8427e"
                    ]
                ],
                "1": [
                    "versions.yml:md5,4ff697a3a05bb4d30701e6750c246ed2"
                ],
                "table": [
                    [
                        {
                            "id": "test"
                        },
                        "test.recal.table:md5,d41d8cd98f00b204e9800998ecf8427e"
                    ]
                ],
                "versions": [
                    "versions.yml:md5,4ff697a3a05bb4d30701e6750c246ed2"
                ]
            }
        ],
        "meta": {
            "nf-test": "0.9.2",
            "nextflow": "24.10.1"
        },
        "timestamp": "2024-12-03T07:14:44.587896"
    },
    "sarscov2 - bam - intervals": {
        "content": [
            {
                "0": [
                    [
                        {
                            "id": "test"
                        },
                        "test.recal.table:md5,9ecb5f00a2229291705addc09c0ec231"
                    ]
                ],
                "1": [
                    "versions.yml:md5,4ff697a3a05bb4d30701e6750c246ed2"
                ],
                "table": [
                    [
                        {
                            "id": "test"
                        },
                        "test.recal.table:md5,9ecb5f00a2229291705addc09c0ec231"
                    ]
                ],
                "versions": [
                    "versions.yml:md5,4ff697a3a05bb4d30701e6750c246ed2"
                ]
            }
        ],
        "meta": {
            "nf-test": "0.9.2",
            "nextflow": "24.10.1"
        },
        "timestamp": "2024-12-03T07:14:13.448186"
    },
    "sarscov2 - bam - multiple sites": {
        "content": [
            {
                "0": [
                    [
                        {
                            "id": "test"
                        },
                        "test.recal.table:md5,e2e43abdc0c943c1a54dae816d0b9ea7"
                    ]
                ],
                "1": [
                    "versions.yml:md5,4ff697a3a05bb4d30701e6750c246ed2"
                ],
                "table": [
                    [
                        {
                            "id": "test"
                        },
                        "test.recal.table:md5,e2e43abdc0c943c1a54dae816d0b9ea7"
                    ]
                ],
                "versions": [
                    "versions.yml:md5,4ff697a3a05bb4d30701e6750c246ed2"
                ]
            }
        ],
        "meta": {
            "nf-test": "0.9.2",
            "nextflow": "24.10.1"
        },
        "timestamp": "2024-12-03T07:14:34.920978"
    },
    "homo_sapiens - cram ": {
        "content": [
            {
                "0": [
                    [
                        {
                            "id": "test"
                        },
                        "test.recal.table:md5,35d89a3811aa31711fc9815b6b80e6ec"
                    ]
                ],
                "1": [
                    "versions.yml:md5,4ff697a3a05bb4d30701e6750c246ed2"
                ],
                "table": [
                    [
                        {
                            "id": "test"
                        },
                        "test.recal.table:md5,35d89a3811aa31711fc9815b6b80e6ec"
                    ]
                ],
                "versions": [
                    "versions.yml:md5,4ff697a3a05bb4d30701e6750c246ed2"
                ]
            }
        ],
        "meta": {
            "nf-test": "0.9.2",
            "nextflow": "24.10.1"
        },
        "timestamp": "2024-12-03T07:15:07.36435"
    },
    "sarscov2 - bam": {
        "content": [
            {
                "0": [
                    [
                        {
                            "id": "test"
                        },
                        "test.recal.table:md5,e2e43abdc0c943c1a54dae816d0b9ea7"
                    ]
                ],
                "1": [
                    "versions.yml:md5,4ff697a3a05bb4d30701e6750c246ed2"
                ],
                "table": [
                    [
                        {
                            "id": "test"
                        },
                        "test.recal.table:md5,e2e43abdc0c943c1a54dae816d0b9ea7"
                    ]
                ],
                "versions": [
                    "versions.yml:md5,4ff697a3a05bb4d30701e6750c246ed2"
                ]
            }
        ],
        "meta": {
            "nf-test": "0.9.2",
            "nextflow": "24.10.1"
        },
        "timestamp": "2024-12-03T07:13:52.664531"
    }
}