{
    "Should run without failures": {
        "content": [
            {
                "0": [
                    "tx2gene.tsv:md5,b860b65d41b6a14aa56dbe89454674ff"
                ],
                "1": [
                    "versions.yml:md5,b5ca97b1a7c44bb992aa3d1044c3923f"
                ],
                "tsv": [
                    "tx2gene.tsv:md5,b860b65d41b6a14aa56dbe89454674ff"
                ],
                "versions": [
                    "versions.yml:md5,b5ca97b1a7c44bb992aa3d1044c3923f"
                ]
            }
        ],
        "meta": {
            "nf-test": "0.9.2",
            "nextflow": "24.10.1"
        },
        "timestamp": "2024-12-23T08:32:08.33553"
    }
}