{
    "Should run without failures": {
        "content": [
            {
                "0": [
                    "genotypes.tsv:md5,f57dbda547fc6e900a0f8a585ddd9b49"
                ],
                "1": [
                    "versions.yml:md5,747d81dd1a0fc8cc8b7139887feeb80b"
                ],
                "merged_gt": [
                    "genotypes.tsv:md5,f57dbda547fc6e900a0f8a585ddd9b49"
                ],
                "versions": [
                    "versions.yml:md5,747d81dd1a0fc8cc8b7139887feeb80b"
                ]
            }
        ],
        "meta": {
            "nf-test": "0.9.2",
            "nextflow": "24.10.1"
        },
        "timestamp": "2024-12-09T06:33:52.869312"
    }
}