{
    "Should run without failures": {
        "content": [
            {
                "0": [
                    [
                        {
                            "id": "test"
                        },
                        "test.mutect2.somatic.base.snp.Somatic.hc.filter.vep.gx.vcf:md5,6faa888d8f2cc3953b5f04b1c74ba687"
                    ]
                ],
                "1": [
                    "versions.yml:md5,75870ffa0a81b1bf39d09f485c4fd990"
                ],
                "expr_vcf": [
                    [
                        {
                            "id": "test"
                        },
                        "test.mutect2.somatic.base.snp.Somatic.hc.filter.vep.gx.vcf:md5,6faa888d8f2cc3953b5f04b1c74ba687"
                    ]
                ],
                "versions": [
                    "versions.yml:md5,75870ffa0a81b1bf39d09f485c4fd990"
                ]
            }
        ],
        "meta": {
            "nf-test": "0.9.2",
            "nextflow": "24.10.1"
        },
        "timestamp": "2025-01-08T06:18:47.046469"
    }
}