{
    "sarscov2 - vcf - csi - stub": {
        "content": [
            {
                "0": [
                    
                ],
                "1": [
                    [
                        {
                            "id": "test"
                        },
                        "test.vcf.gz.tbi:md5,d41d8cd98f00b204e9800998ecf8427e"
                    ]
                ],
                "2": [
                    "versions.yml:md5,b4ea0f633dba7f5992fbf41b518f98e9"
                ],
                "csi": [
                    
                ],
                "tbi": [
                    [
                        {
                            "id": "test"
                        },
                        "test.vcf.gz.tbi:md5,d41d8cd98f00b204e9800998ecf8427e"
                    ]
                ],
                "versions": [
                    "versions.yml:md5,b4ea0f633dba7f5992fbf41b518f98e9"
                ]
            }
        ],
        "meta": {
            "nf-test": "0.9.2",
            "nextflow": "24.10.1"
        },
        "timestamp": "2024-12-03T11:41:30.490129"
    },
    "sarscov2 - vcf - tbi": {
        "content": [
            [
                [
                    {
                        "id": "test"
                    },
                    "test.vcf.gz.tbi"
                ]
            ],
            [
                "versions.yml:md5,b4ea0f633dba7f5992fbf41b518f98e9"
            ]
        ],
        "meta": {
            "nf-test": "0.8.4",
            "nextflow": "24.04.2"
        },
        "timestamp": "2024-06-03T11:42:46.38669168"
    },
    "sarscov2 - vcf - tbi - stub": {
        "content": [
            {
                "0": [
                    
                ],
                "1": [
                    [
                        {
                            "id": "test"
                        },
                        "test.vcf.gz.tbi:md5,d41d8cd98f00b204e9800998ecf8427e"
                    ]
                ],
                "2": [
                    "versions.yml:md5,b4ea0f633dba7f5992fbf41b518f98e9"
                ],
                "csi": [
                    
                ],
                "tbi": [
                    [
                        {
                            "id": "test"
                        },
                        "test.vcf.gz.tbi:md5,d41d8cd98f00b204e9800998ecf8427e"
                    ]
                ],
                "versions": [
                    "versions.yml:md5,b4ea0f633dba7f5992fbf41b518f98e9"
                ]
            }
        ],
        "meta": {
            "nf-test": "0.8.4",
            "nextflow": "24.04.2"
        },
        "timestamp": "2024-06-03T11:43:32.494612317"
    },
    "sarscov2 - vcf - csi": {
        "content": [
            [
                
            ],
            [
                "versions.yml:md5,b4ea0f633dba7f5992fbf41b518f98e9"
            ]
        ],
        "meta": {
            "nf-test": "0.9.2",
            "nextflow": "24.10.1"
        },
        "timestamp": "2024-12-03T11:40:31.377929"
    }
}