{
    "cram": {
        "content": [
            {
                "0": [
                    [
                        {
                            "id": "test",
                            "single_end": false
                        },
                        "test.stats:md5,fb60ece613067c3159502beb474a7924"
                    ]
                ],
                "1": [
                    "versions.yml:md5,b3b70b126f867fdbb7dcea5e36e49d4a"
                ],
                "stats": [
                    [
                        {
                            "id": "test",
                            "single_end": false
                        },
                        "test.stats:md5,fb60ece613067c3159502beb474a7924"
                    ]
                ],
                "versions": [
                    "versions.yml:md5,b3b70b126f867fdbb7dcea5e36e49d4a"
                ]
            }
        ],
        "meta": {
            "nf-test": "0.9.2",
            "nextflow": "24.10.1"
        },
        "timestamp": "2024-12-03T06:57:56.986746"
    },
    "bam - stub": {
        "content": [
            {
                "0": [
                    [
                        {
                            "id": "test",
                            "single_end": false
                        },
                        "test.stats:md5,d41d8cd98f00b204e9800998ecf8427e"
                    ]
                ],
                "1": [
                    "versions.yml:md5,b3b70b126f867fdbb7dcea5e36e49d4a"
                ],
                "stats": [
                    [
                        {
                            "id": "test",
                            "single_end": false
                        },
                        "test.stats:md5,d41d8cd98f00b204e9800998ecf8427e"
                    ]
                ],
                "versions": [
                    "versions.yml:md5,b3b70b126f867fdbb7dcea5e36e49d4a"
                ]
            }
        ],
        "meta": {
            "nf-test": "0.9.0",
            "nextflow": "24.04.3"
        },
        "timestamp": "2024-07-22T14:20:39.310713"
    },
    "cram - stub": {
        "content": [
            {
                "0": [
                    [
                        {
                            "id": "test",
                            "single_end": false
                        },
                        "test.stats:md5,d41d8cd98f00b204e9800998ecf8427e"
                    ]
                ],
                "1": [
                    "versions.yml:md5,b3b70b126f867fdbb7dcea5e36e49d4a"
                ],
                "stats": [
                    [
                        {
                            "id": "test",
                            "single_end": false
                        },
                        "test.stats:md5,d41d8cd98f00b204e9800998ecf8427e"
                    ]
                ],
                "versions": [
                    "versions.yml:md5,b3b70b126f867fdbb7dcea5e36e49d4a"
                ]
            }
        ],
        "meta": {
            "nf-test": "0.9.0",
            "nextflow": "24.04.3"
        },
        "timestamp": "2024-07-22T14:21:04.771199"
    },
    "bam": {
        "content": [
            {
                "0": [
                    [
                        {
                            "id": "test",
                            "single_end": false
                        },
                        "test.stats:md5,04f88688e229ecbdd4f97b6d601eb317"
                    ]
                ],
                "1": [
                    "versions.yml:md5,b3b70b126f867fdbb7dcea5e36e49d4a"
                ],
                "stats": [
                    [
                        {
                            "id": "test",
                            "single_end": false
                        },
                        "test.stats:md5,04f88688e229ecbdd4f97b6d601eb317"
                    ]
                ],
                "versions": [
                    "versions.yml:md5,b3b70b126f867fdbb7dcea5e36e49d4a"
                ]
            }
        ],
        "meta": {
            "nf-test": "0.9.2",
            "nextflow": "24.10.1"
        },
        "timestamp": "2024-12-03T06:57:36.948895"
    }
}