{
    "ARCASHLA_GENOTYPE": {
        "content": [
            {
                "0": [
                    [
                        {
                            "id": "test_1"
                        },
                        "test_1.alignment.p:md5,f3182ccbf252b9e0065964459aaa2a73"
                    ]
                ],
                "1": [
                    [
                        {
                            "id": "test_1"
                        },
                        "test_1.genotype.log:md5,0a32ab90b559a5b8046959b7b21f7ef7"
                    ]
                ],
                "2": [
                    [
                        {
                            "id": "test_1"
                        },
                        "test_1.genotype.json:md5,99914b932bd37a50b983c5e7c90ae93b"
                    ]
                ],
                "3": [
                    [
                        {
                            "id": "test_1"
                        },
                        "test_1.genes.json:md5,99914b932bd37a50b983c5e7c90ae93b"
                    ]
                ],
                "4": [
                    "versions.yml:md5,dd5861b7e77f6ebf72239f4f74a0ce6e"
                ],
                "alignment_p": [
                    [
                        {
                            "id": "test_1"
                        },
                        "test_1.alignment.p:md5,f3182ccbf252b9e0065964459aaa2a73"
                    ]
                ],
                "genes_json": [
                    [
                        {
                            "id": "test_1"
                        },
                        "test_1.genes.json:md5,99914b932bd37a50b983c5e7c90ae93b"
                    ]
                ],
                "gt_json": [
                    [
                        {
                            "id": "test_1"
                        },
                        "test_1.genotype.json:md5,99914b932bd37a50b983c5e7c90ae93b"
                    ]
                ],
                "gt_log": [
                    [
                        {
                            "id": "test_1"
                        },
                        "test_1.genotype.log:md5,0a32ab90b559a5b8046959b7b21f7ef7"
                    ]
                ],
                "versions": [
                    "versions.yml:md5,dd5861b7e77f6ebf72239f4f74a0ce6e"
                ]
            }
        ],
        "meta": {
            "nf-test": "0.9.2",
            "nextflow": "24.10.1"
        },
        "timestamp": "2025-01-07T07:01:59.711008"
    }
}