{
    "Should run without failures": {
        "content": [
            {
                "0": [
                    
                ],
                "1": [
                    "versions.yml:md5,e7f8bdea05bd9bc57654ae0b7a1c4d22"
                ],
                "results": [
                    
                ],
                "versions": [
                    "versions.yml:md5,e7f8bdea05bd9bc57654ae0b7a1c4d22"
                ]
            }
        ],
        "meta": {
            "nf-test": "0.9.2",
            "nextflow": "24.10.1"
        },
        "timestamp": "2025-01-06T09:06:17.584119"
    }
}