{
    "sarscov2 - bam - intervals": {
        "content": [
            {
                "0": [
                    [
                        {
                            "id": "test"
                        },
                        "test.bam:md5,516cd54f435bdad3a406c31a0c73ef9d"
                    ]
                ],
                "1": [
                    [
                        {
                            "id": "test"
                        },
                        "test.bai:md5,c947fb156270441e506506b5612548b6"
                    ]
                ],
                "2": [
                    
                ],
                "3": [
                    "versions.yml:md5,bb2a060a0280c812fba3c74b1707b350"
                ],
                "bai": [
                    [
                        {
                            "id": "test"
                        },
                        "test.bai:md5,c947fb156270441e506506b5612548b6"
                    ]
                ],
                "bam": [
                    [
                        {
                            "id": "test"
                        },
                        "test.bam:md5,516cd54f435bdad3a406c31a0c73ef9d"
                    ]
                ],
                "cram": [
                    
                ],
                "versions": [
                    "versions.yml:md5,bb2a060a0280c812fba3c74b1707b350"
                ]
            }
        ],
        "meta": {
            "nf-test": "0.9.2",
            "nextflow": "24.10.1"
        },
        "timestamp": "2024-12-19T12:19:55.970139"
    },
    "sarscov2 - cram": {
        "content": [
            [
                "versions.yml:md5,bb2a060a0280c812fba3c74b1707b350"
            ]
        ],
        "meta": {
            "nf-test": "0.9.2",
            "nextflow": "24.10.1"
        },
        "timestamp": "2024-12-19T12:20:18.307482"
    },
    "test.cram": {
        "content": [
            "test.cram"
        ],
        "meta": {
            "nf-test": "0.9.2",
            "nextflow": "24.10.1"
        },
        "timestamp": "2024-12-19T12:20:18.329323"
    },
    "sarscov2 - bam": {
        "content": [
            {
                "0": [
                    [
                        {
                            "id": "test"
                        },
                        "test.bam:md5,16de140e9e7a530e2f2ce011ef11cbed"
                    ]
                ],
                "1": [
                    [
                        {
                            "id": "test"
                        },
                        "test.bai:md5,4fa128da596ba2eb4066c05581cdbb0e"
                    ]
                ],
                "2": [
                    
                ],
                "3": [
                    "versions.yml:md5,bb2a060a0280c812fba3c74b1707b350"
                ],
                "bai": [
                    [
                        {
                            "id": "test"
                        },
                        "test.bai:md5,4fa128da596ba2eb4066c05581cdbb0e"
                    ]
                ],
                "bam": [
                    [
                        {
                            "id": "test"
                        },
                        "test.bam:md5,16de140e9e7a530e2f2ce011ef11cbed"
                    ]
                ],
                "cram": [
                    
                ],
                "versions": [
                    "versions.yml:md5,bb2a060a0280c812fba3c74b1707b350"
                ]
            }
        ],
        "meta": {
            "nf-test": "0.9.2",
            "nextflow": "24.10.1"
        },
        "timestamp": "2024-12-19T12:19:35.190219"
    }
}