{
    "Should run without failures": {
        "content": [
            {
                "0": [
                    "read_distrib.matrix.tab:md5,ec83ce468f8bfebe9d8a4164c61a697b"
                ],
                "1": [
                    "versions.yml:md5,87b14685f09de5edcd7432c89669de3e"
                ],
                "matrix_tab": [
                    "read_distrib.matrix.tab:md5,ec83ce468f8bfebe9d8a4164c61a697b"
                ],
                "versions": [
                    "versions.yml:md5,87b14685f09de5edcd7432c89669de3e"
                ]
            }
        ],
        "meta": {
            "nf-test": "0.9.2",
            "nextflow": "24.10.1"
        },
        "timestamp": "2024-12-18T15:50:05.472611"
    }
}