{
    "Should run with options \"-stub\"": {
        "content": [
            {
                "0": [
                    [
                        {
                            "id": "test"
                        },
                        "test_counts:md5,d41d8cd98f00b204e9800998ecf8427e"
                    ]
                ],
                "1": [
                    "versions.yml:md5,c26f5d77c30929ba22c1f936590b62f0"
                ],
                "counts": [
                    [
                        {
                            "id": "test"
                        },
                        "test_counts:md5,d41d8cd98f00b204e9800998ecf8427e"
                    ]
                ],
                "versions": [
                    "versions.yml:md5,c26f5d77c30929ba22c1f936590b62f0"
                ]
            }
        ],
        "meta": {
            "nf-test": "0.9.2",
            "nextflow": "24.10.1"
        },
        "timestamp": "2025-01-08T06:14:52.29111"
    }
}