{
    "Running gene body coverage plot with -stub options": {
        "content": [
            {
                "0": [
                    "geneBodyCoverage.r:md5,d41d8cd98f00b204e9800998ecf8427e"
                ],
                "1": [
                    "geneBodyCoverage.curves.pdf:md5,d41d8cd98f00b204e9800998ecf8427e"
                ],
                "2": [
                    "versions.yml:md5,b6aed5d7b360967b1abb1ff6920a6815"
                ],
                "g_rscript": [
                    "geneBodyCoverage.r:md5,d41d8cd98f00b204e9800998ecf8427e"
                ],
                "png_curves": [
                    "geneBodyCoverage.curves.pdf:md5,d41d8cd98f00b204e9800998ecf8427e"
                ],
                "versions": [
                    "versions.yml:md5,b6aed5d7b360967b1abb1ff6920a6815"
                ]
            }
        ],
        "meta": {
            "nf-test": "0.9.2",
            "nextflow": "24.10.1"
        },
        "timestamp": "2025-01-07T07:04:44.370476"
    }
}