{
    "Should run without failures": {
        "content": [
            {
                "0": [
                    [
                        {
                            "id": "test"
                        },
                        "test.filter.vcf:md5,6c688c54f3125754446271c2dc8a1be5"
                    ]
                ],
                "1": [
                    "versions.yml:md5,8b496a612425850ad3947e69e4b1029b"
                ],
                "filter_vcf": [
                    [
                        {
                            "id": "test"
                        },
                        "test.filter.vcf:md5,6c688c54f3125754446271c2dc8a1be5"
                    ]
                ],
                "versions": [
                    "versions.yml:md5,8b496a612425850ad3947e69e4b1029b"
                ]
            }
        ],
        "meta": {
            "nf-test": "0.9.2",
            "nextflow": "24.10.1"
        },
        "timestamp": "2025-01-08T06:18:38.510468"
    }
}