{
    "Should run without failures": {
        "content": [
            {
                "0": [
                    "tx2gene.tsv:md5,9a0ba31fe431016ee4fb130280ae59a8"
                ],
                "1": [
                    "versions.yml:md5,c95bd38cb268a65c891c4abcb8d08d36"
                ],
                "tsv": [
                    "tx2gene.tsv:md5,9a0ba31fe431016ee4fb130280ae59a8"
                ],
                "versions": [
                    "versions.yml:md5,c95bd38cb268a65c891c4abcb8d08d36"
                ]
            }
        ],
        "meta": {
            "nf-test": "0.9.2",
            "nextflow": "24.10.1"
        },
        "timestamp": "2025-01-02T09:14:15.231104"
    }
}