{
    "Should run without failures": {
        "content": [
            {
                "0": [
                    "genotypes.p-group.tsv:md5,f57dbda547fc6e900a0f8a585ddd9b49"
                ],
                "1": [
                    "versions.yml:md5,52234d392c255df711e041326f08a73f"
                ],
                "gt_group": [
                    "genotypes.p-group.tsv:md5,f57dbda547fc6e900a0f8a585ddd9b49"
                ],
                "versions": [
                    "versions.yml:md5,52234d392c255df711e041326f08a73f"
                ]
            }
        ],
        "meta": {
            "nf-test": "0.9.2",
            "nextflow": "24.10.1"
        },
        "timestamp": "2024-12-09T06:43:41.408014"
    }
}