{
    "Should run without failures": {
        "content": [
            {
                "0": [
                    [
                        {
                            "id": "test"
                        },
                        "test._downsampling.bam:md5,d41d8cd98f00b204e9800998ecf8427e"
                    ]
                ],
                "1": [
                    "versions.yml:md5,e0c178468b72f8f864831d86da0b07b4"
                ],
                "downsample_bam": [
                    [
                        {
                            "id": "test"
                        },
                        "test._downsampling.bam:md5,d41d8cd98f00b204e9800998ecf8427e"
                    ]
                ],
                "versions": [
                    "versions.yml:md5,e0c178468b72f8f864831d86da0b07b4"
                ]
            }
        ],
        "meta": {
            "nf-test": "0.9.2",
            "nextflow": "24.10.1"
        },
        "timestamp": "2024-12-09T12:57:07.61729"
    }
}