{
    "sarscov2 - [vcf, tbi], [], [], [] - vcf_gz_index_csi - stub": {
        "content": [
            {
                "0": [
                    [
                        {
                            "id": "out",
                            "single_end": false
                        },
                        "out_vcf.vcf.gz:md5,68b329da9893e34099c7d8ad5cb9c940"
                    ]
                ],
                "1": [
                    
                ],
                "2": [
                    [
                        {
                            "id": "out",
                            "single_end": false
                        },
                        "out_vcf.vcf.gz.csi:md5,d41d8cd98f00b204e9800998ecf8427e"
                    ]
                ],
                "3": [
                    "versions.yml:md5,241125d00357804552689c37bbabe1f5"
                ],
                "csi": [
                    [
                        {
                            "id": "out",
                            "single_end": false
                        },
                        "out_vcf.vcf.gz.csi:md5,d41d8cd98f00b204e9800998ecf8427e"
                    ]
                ],
                "tbi": [
                    
                ],
                "vcf": [
                    [
                        {
                            "id": "out",
                            "single_end": false
                        },
                        "out_vcf.vcf.gz:md5,68b329da9893e34099c7d8ad5cb9c940"
                    ]
                ],
                "versions": [
                    "versions.yml:md5,241125d00357804552689c37bbabe1f5"
                ]
            }
        ],
        "meta": {
            "nf-test": "0.8.4",
            "nextflow": "24.04.2"
        },
        "timestamp": "2024-06-05T12:14:38.717458272"
    },
    "sarscov2 - [vcf, tbi], [], [], [] - vcf_gz_index_tbi": {
        "content": [
            [
                [
                    {
                        "id": "out",
                        "single_end": false
                    },
                    "out_vcf_raw_mutect.vcf.gz:md5,8e722884ffb75155212a3fc053918766"
                ]
            ],
            [
                
            ],
            [
                [
                    {
                        "id": "out",
                        "single_end": false
                    },
                    "out_vcf_raw_mutect.vcf.gz.tbi"
                ]
            ],
            [
                "versions.yml:md5,241125d00357804552689c37bbabe1f5"
            ]
        ],
        "meta": {
            "nf-test": "0.9.2",
            "nextflow": "24.10.1"
        },
        "timestamp": "2024-12-03T11:42:50.611053"
    },
    "sarscov2 - [vcf, tbi], [], [], [] - vcf_gz_index - stub": {
        "content": [
            {
                "0": [
                    [
                        {
                            "id": "out",
                            "single_end": false
                        },
                        "out_vcf.vcf.gz:md5,68b329da9893e34099c7d8ad5cb9c940"
                    ]
                ],
                "1": [
                    
                ],
                "2": [
                    [
                        {
                            "id": "out",
                            "single_end": false
                        },
                        "out_vcf.vcf.gz.csi:md5,d41d8cd98f00b204e9800998ecf8427e"
                    ]
                ],
                "3": [
                    "versions.yml:md5,241125d00357804552689c37bbabe1f5"
                ],
                "csi": [
                    [
                        {
                            "id": "out",
                            "single_end": false
                        },
                        "out_vcf.vcf.gz.csi:md5,d41d8cd98f00b204e9800998ecf8427e"
                    ]
                ],
                "tbi": [
                    
                ],
                "vcf": [
                    [
                        {
                            "id": "out",
                            "single_end": false
                        },
                        "out_vcf.vcf.gz:md5,68b329da9893e34099c7d8ad5cb9c940"
                    ]
                ],
                "versions": [
                    "versions.yml:md5,241125d00357804552689c37bbabe1f5"
                ]
            }
        ],
        "meta": {
            "nf-test": "0.8.4",
            "nextflow": "24.04.2"
        },
        "timestamp": "2024-06-04T16:06:21.669668533"
    },
    "sarscov2 - [vcf, tbi], [], [], [] - vcf_gz_index_tbi - stub": {
        "content": [
            {
                "0": [
                    [
                        {
                            "id": "out",
                            "single_end": false
                        },
                        "out_vcf.vcf.gz:md5,68b329da9893e34099c7d8ad5cb9c940"
                    ]
                ],
                "1": [
                    [
                        {
                            "id": "out",
                            "single_end": false
                        },
                        "out_vcf.vcf.gz.tbi:md5,d41d8cd98f00b204e9800998ecf8427e"
                    ]
                ],
                "2": [
                    
                ],
                "3": [
                    "versions.yml:md5,241125d00357804552689c37bbabe1f5"
                ],
                "csi": [
                    
                ],
                "tbi": [
                    [
                        {
                            "id": "out",
                            "single_end": false
                        },
                        "out_vcf.vcf.gz.tbi:md5,d41d8cd98f00b204e9800998ecf8427e"
                    ]
                ],
                "vcf": [
                    [
                        {
                            "id": "out",
                            "single_end": false
                        },
                        "out_vcf.vcf.gz:md5,68b329da9893e34099c7d8ad5cb9c940"
                    ]
                ],
                "versions": [
                    "versions.yml:md5,241125d00357804552689c37bbabe1f5"
                ]
            }
        ],
        "meta": {
            "nf-test": "0.8.4",
            "nextflow": "24.04.2"
        },
        "timestamp": "2024-06-05T12:14:53.026083914"
    },
    "sarscov2 - [vcf, tbi], vcf, tsv, []": {
        "content": [
            [
                [
                    {
                        "id": "out",
                        "single_end": false
                    },
                    "out_raw_mutect.vcf:md5,1bcbd0eff25d316ba915d06463aab17b"
                ]
            ],
            [
                "versions.yml:md5,241125d00357804552689c37bbabe1f5"
            ]
        ],
        "meta": {
            "nf-test": "0.9.2",
            "nextflow": "24.10.1"
        },
        "timestamp": "2024-12-03T11:43:08.374274"
    },
    "sarscov2 - [vcf, tbi], [], [], [] - stub": {
        "content": [
            "out.vcf",
            [
                "versions.yml:md5,241125d00357804552689c37bbabe1f5"
            ]
        ],
        "meta": {
            "nf-test": "0.8.4",
            "nextflow": "23.10.1"
        },
        "timestamp": "2024-05-31T15:15:19.723448323"
    },
    "sarscov2 - [vcf, tbi], [], [], [] - vcf_gz_index": {
        "content": [
            [
                [
                    {
                        "id": "out",
                        "single_end": false
                    },
                    "out_vcf_raw_mutect.vcf.gz:md5,8e722884ffb75155212a3fc053918766"
                ]
            ],
            [
                [
                    {
                        "id": "out",
                        "single_end": false
                    },
                    "out_vcf_raw_mutect.vcf.gz.csi"
                ]
            ],
            [
                
            ],
            [
                "versions.yml:md5,241125d00357804552689c37bbabe1f5"
            ]
        ],
        "meta": {
            "nf-test": "0.9.2",
            "nextflow": "24.10.1"
        },
        "timestamp": "2024-12-03T11:41:49.915426"
    },
    "sarscov2 - [vcf, tbi], [], [], []": {
        "content": [
            [
                [
                    {
                        "id": "out",
                        "single_end": false
                    },
                    "out_raw_mutect.vcf:md5,8e722884ffb75155212a3fc053918766"
                ]
            ],
            [
                "versions.yml:md5,241125d00357804552689c37bbabe1f5"
            ]
        ],
        "meta": {
            "nf-test": "0.9.2",
            "nextflow": "24.10.1"
        },
        "timestamp": "2024-12-03T11:42:01.598173"
    },
    "sarscov2 - [vcf, tbi], [], [], [] - vcf_gz_index_csi": {
        "content": [
            [
                [
                    {
                        "id": "out",
                        "single_end": false
                    },
                    "out_vcf_raw_mutect.vcf.gz:md5,8e722884ffb75155212a3fc053918766"
                ]
            ],
            [
                [
                    {
                        "id": "out",
                        "single_end": false
                    },
                    "out_vcf_raw_mutect.vcf.gz.csi"
                ]
            ],
            [
                
            ],
            [
                "versions.yml:md5,241125d00357804552689c37bbabe1f5"
            ]
        ],
        "meta": {
            "nf-test": "0.9.2",
            "nextflow": "24.10.1"
        },
        "timestamp": "2024-12-03T11:42:34.529062"
    }
}