{
    "sarscov2 paired-end [bam]": {
        "content": [
            {
                "0": [
                    [
                        {
                            "id": "test"
                        },
                        "test_out_downsample_hk.bam:md5,0d937c3e7be055d523af2144cce609b9"
                    ]
                ],
                "1": [
                    "versions.yml:md5,42ba439339672f4a9193f0f0fe7a7f64"
                ],
                "hk_bam": [
                    [
                        {
                            "id": "test"
                        },
                        "test_out_downsample_hk.bam:md5,0d937c3e7be055d523af2144cce609b9"
                    ]
                ],
                "versions": [
                    "versions.yml:md5,42ba439339672f4a9193f0f0fe7a7f64"
                ]
            }
        ],
        "meta": {
            "nf-test": "0.9.2",
            "nextflow": "24.10.1"
        },
        "timestamp": "2024-12-04T05:35:21.397125"
    },
    "sarscov2 paired-end [bam] - stub": {
        "content": [
            {
                "0": [
                    [
                        {
                            "id": "test"
                        },
                        "test_out_downsample_hk.bam:md5,d41d8cd98f00b204e9800998ecf8427e"
                    ]
                ],
                "1": [
                    "versions.yml:md5,42ba439339672f4a9193f0f0fe7a7f64"
                ],
                "hk_bam": [
                    [
                        {
                            "id": "test"
                        },
                        "test_out_downsample_hk.bam:md5,d41d8cd98f00b204e9800998ecf8427e"
                    ]
                ],
                "versions": [
                    "versions.yml:md5,42ba439339672f4a9193f0f0fe7a7f64"
                ]
            }
        ],
        "meta": {
            "nf-test": "0.9.2",
            "nextflow": "24.10.1"
        },
        "timestamp": "2024-12-04T05:35:34.177846"
    }
}